<html>
<body>
<pre>
<h1>µVision Build Log</h1>
<h2>Tool Versions:</h2>
IDE-Version: µVision V5.15
Copyright (C) 2015 ARM Ltd and ARM Germany GmbH. All rights reserved.
License Information: Jeff Cron, University of Evansville, LIC=----
 
Tool Versions:
Toolchain:       MDK-Lite  Version: 5.15.0
Toolchain Path:  C:\Keil_v5\ARM\ARMCC\Bin
C Compiler:      Armcc.exe V5.05 update 2 (build 169)
Assembler:       Armasm.exe V5.05 update 2 (build 169)
Linker/Locator:  ArmLink.exe V5.05 update 2 (build 169)
Library Manager: ArmAr.exe V5.05 update 2 (build 169)
Hex Converter:   FromElf.exe V5.05 update 2 (build 169)
CPU DLL:         SARMCM3.DLL V5.15.0
Dialog DLL:      DCM.DLL V1.13.2.0
Target DLL:      STLink\ST-LINKIII-KEIL_SWO.dll V2.0.15.0_KEIL
Dialog DLL:      TCM.DLL V1.14.5.0
 
<h2>Project:</h2>
C:\Users\aa472\Desktop\project2\project2\Assignment8\STM446Template.uvprojx
Project File Date:  12/01/2018

<h2>Output:</h2>
*** Using Compiler 'V5.05 update 2 (build 169)', folder: 'C:\Keil_v5\ARM\ARMCC\Bin'
Build target 'Target 1'
compiling STMF446Template.c...
STMF446Template.c(4): warning:  #1295-D: Deprecated declaration Led_out - give arg types
  void Led_out();
STMF446Template.c(5): warning:  #1295-D: Deprecated declaration moveSandUp - give arg types
  void moveSandUp();
STMF446Template.c(6): warning:  #1295-D: Deprecated declaration moveSandDown - give arg types
  void moveSandDown();
STMF446Template.c(7): warning:  #1295-D: Deprecated declaration moveWaterUp - give arg types
  void moveWaterUp();
STMF446Template.c(8): warning:  #1295-D: Deprecated declaration moveWaterDown - give arg types
  void moveWaterDown();
STMF446Template.c(9): warning:  #1295-D: Deprecated declaration movePachUp - give arg types
  void movePachUp();
STMF446Template.c(10): warning:  #1295-D: Deprecated declaration movePachDown - give arg types
  void movePachDown();
STMF446Template.c(11): warning:  #1295-D: Deprecated declaration resetHour - give arg types
  void resetHour();
STMF446Template.c(12): warning:  #1295-D: Deprecated declaration resetWater - give arg types
  void resetWater();
STMF446Template.c(13): warning:  #1295-D: Deprecated declaration resetPach - give arg types
  void resetPach();
STMF446Template.c(268): warning:  #550-D: variable "temp" was set but never used
        unsigned char temp; 
STMF446Template.c(437): warning:  #1-D: last line of file ends without a newline
        
STMF446Template.c: 12 warnings, 0 errors
linking...
Program Size: Code=3164 RO-data=484 RW-data=4 ZI-data=2260  
".\Objects\STM446Template.axf" - 0 Error(s), 12 Warning(s).

<h2>Software Packages used:</h2>

Package Vendor: ARM
                http://www.keil.com/pack/ARM.CMSIS.5.3.0.pack
                ARM::CMSIS:DSP:1.5.2
                CMSIS (Cortex Microcontroller Software Interface Standard)
   * Component: DSP Version: 1.5.2
   * Component: CORE Version: 5.1.1

Package Vendor: Keil
                http://www.keil.com/pack/Keil.STM32F4xx_DFP.2.13.0.pack
                Keil::Device:Startup:2.6.2
                STMicroelectronics STM32F4 Series Device Support, Drivers and Examples
   * Component: Startup Version: 2.6.2

<h2>Collection of Component include folders:</h2>
  C:\Users\aa472\Desktop\project2\project2\Assignment8\RTE
  C:\Keil_v5\ARM\PACK\ARM\CMSIS\5.3.0\CMSIS\Include
  C:\Keil_v5\ARM\PACK\Keil\STM32F4xx_DFP\2.13.0\Drivers\CMSIS\Device\ST\STM32F4xx\Include

<h2>Collection of Component Files used:</h2>

   * Component: ARM::CMSIS:DSP:1.5.2
      Library file:  CMSIS\Lib\ARM\arm_cortexM4lf_math.lib
      Include file:  CMSIS\Include\arm_math.h

   * Component: ARM::CMSIS:CORE:5.1.1

   * Component: Keil::Device:Startup:2.6.2
      Include file:  Drivers\CMSIS\Device\ST\STM32F4xx\Include\stm32f4xx.h
      Source file:   MDK\Device\Source\ARM\STM32F446xx_OPT.s
      Source file:   MDK\Device\Source\ARM\STM32F4xx_OTP.s
      Source file:   Drivers\CMSIS\Device\ST\STM32F4xx\Source\Templates\arm\startup_stm32f446xx.s
      Source file:   Drivers\CMSIS\Device\ST\STM32F4xx\Source\Templates\system_stm32f4xx.c
</pre>
</body>
</html>
